Combination: 1; TestConfiguration = Format: Json, Request: True, Synchronous: True
Model Present: true
{"@odata.context":"http://odata.org/$metadata#Collection(My.AddressType)","value":[{"Street":"One Redmond Way","City":" Redmond"},{"Street":"Am Euro Platz 3","City":"Vienna "}]}

Combination: 2; TestConfiguration = Format: Json, Request: False, Synchronous: True
Model Present: true
{"@odata.context":"http://odata.org/$metadata#Collection(My.AddressType)","value":[{"Street":"One Redmond Way","City":" Redmond"},{"Street":"Am Euro Platz 3","City":"Vienna "}]}

Combination: 3; TestConfiguration = Format: Json, Request: True, Synchronous: False
Model Present: true
{"@odata.context":"http://odata.org/$metadata#Collection(My.AddressType)","value":[{"Street":"One Redmond Way","City":" Redmond"},{"Street":"Am Euro Platz 3","City":"Vienna "}]}

Combination: 4; TestConfiguration = Format: Json, Request: False, Synchronous: False
Model Present: true
{"@odata.context":"http://odata.org/$metadata#Collection(My.AddressType)","value":[{"Street":"One Redmond Way","City":" Redmond"},{"Street":"Am Euro Platz 3","City":"Vienna "}]}

