Combination: 1; TestConfiguration = Format: Json, Request: True, Synchronous: True
Model Present: true
{}

Combination: 2; TestConfiguration = Format: Json, Request: True, Synchronous: True
Model Present: true
{"p1":5}

Combination: 3; TestConfiguration = Format: Json, Request: True, Synchronous: True
Model Present: true
{"primitive":"foo"}

Combination: 4; TestConfiguration = Format: Json, Request: True, Synchronous: True
Model Present: true
{"complex":{"@odata.context":"http://odata.org/test/$metadata#TestModel.ComplexType","@odata.type":"#TestModel.ComplexType","PrimitiveProperty":"foo","ComplexProperty":null}}

Combination: 5; TestConfiguration = Format: Json, Request: True, Synchronous: True
Model Present: true
{"primitiveCollection":["foo"]}

Combination: 6; TestConfiguration = Format: Json, Request: True, Synchronous: True
Model Present: true
{"complexCollection":[{"@odata.type":"#TestModel.ComplexType","PrimitiveProperty":"foo","ComplexProperty":null}]}

Combination: 7; TestConfiguration = Format: Json, Request: True, Synchronous: True
Model Present: true
{}

Combination: 8; TestConfiguration = Format: Json, Request: True, Synchronous: True
Model Present: true
{"p1":5}

Combination: 9; TestConfiguration = Format: Json, Request: True, Synchronous: True
Model Present: true
{"primitive":"foo"}

Combination: 10; TestConfiguration = Format: Json, Request: True, Synchronous: True
Model Present: true
{"complex":{"@odata.context":"http://odata.org/test/$metadata#TestModel.ComplexType","@odata.type":"#TestModel.ComplexType","PrimitiveProperty":"foo","ComplexProperty":null}}

Combination: 11; TestConfiguration = Format: Json, Request: True, Synchronous: True
Model Present: true
{"primitiveCollection":["foo"]}

Combination: 12; TestConfiguration = Format: Json, Request: True, Synchronous: True
Model Present: true
{"complexCollection":[{"@odata.type":"#TestModel.ComplexType","PrimitiveProperty":"foo","ComplexProperty":null}]}

Combination: 13; TestConfiguration = Format: Json, Request: True, Synchronous: False
Model Present: true
{}

Combination: 14; TestConfiguration = Format: Json, Request: True, Synchronous: False
Model Present: true
{"p1":5}

Combination: 15; TestConfiguration = Format: Json, Request: True, Synchronous: False
Model Present: true
{"primitive":"foo"}

Combination: 16; TestConfiguration = Format: Json, Request: True, Synchronous: False
Model Present: true
{"complex":{"@odata.context":"http://odata.org/test/$metadata#TestModel.ComplexType","@odata.type":"#TestModel.ComplexType","PrimitiveProperty":"foo","ComplexProperty":null}}

Combination: 17; TestConfiguration = Format: Json, Request: True, Synchronous: False
Model Present: true
{"primitiveCollection":["foo"]}

Combination: 18; TestConfiguration = Format: Json, Request: True, Synchronous: False
Model Present: true
{"complexCollection":[{"@odata.type":"#TestModel.ComplexType","PrimitiveProperty":"foo","ComplexProperty":null}]}

Combination: 19; TestConfiguration = Format: Json, Request: True, Synchronous: False
Model Present: true
{}

Combination: 20; TestConfiguration = Format: Json, Request: True, Synchronous: False
Model Present: true
{"p1":5}

Combination: 21; TestConfiguration = Format: Json, Request: True, Synchronous: False
Model Present: true
{"primitive":"foo"}

Combination: 22; TestConfiguration = Format: Json, Request: True, Synchronous: False
Model Present: true
{"complex":{"@odata.context":"http://odata.org/test/$metadata#TestModel.ComplexType","@odata.type":"#TestModel.ComplexType","PrimitiveProperty":"foo","ComplexProperty":null}}

Combination: 23; TestConfiguration = Format: Json, Request: True, Synchronous: False
Model Present: true
{"primitiveCollection":["foo"]}

Combination: 24; TestConfiguration = Format: Json, Request: True, Synchronous: False
Model Present: true
{"complexCollection":[{"@odata.type":"#TestModel.ComplexType","PrimitiveProperty":"foo","ComplexProperty":null}]}

