Combination: 1; TestConfiguration = Format: Json, Request: True, Synchronous: True
Model Present: true
{"@odata.context":"http://odata.org/test/$metadata#CustomerSet/$entity","Age@odata.type":"#Int64","Age":42}

Combination: 2; TestConfiguration = Format: Json, Request: False, Synchronous: True
Model Present: true
{"@odata.context":"http://odata.org/test/$metadata#CustomerSet/$entity","Age@odata.type":"#Int64","Age":42}

Combination: 3; TestConfiguration = Format: Json, Request: True, Synchronous: False
Model Present: true
{"@odata.context":"http://odata.org/test/$metadata#CustomerSet/$entity","Age@odata.type":"#Int64","Age":42}

Combination: 4; TestConfiguration = Format: Json, Request: False, Synchronous: False
Model Present: true
{"@odata.context":"http://odata.org/test/$metadata#CustomerSet/$entity","Age@odata.type":"#Int64","Age":42}

Combination: 5; TestConfiguration = Format: Json, Request: True, Synchronous: True
Model Present: true
{"@odata.context":"http://odata.org/test/$metadata#CustomerSet/$entity","Location@odata.type":"#GeographyPoint","Location":{"type":"Point","coordinates":[-100.0,32.0],"crs":{"type":"name","properties":{"name":"EPSG:4326"}}}}

Combination: 6; TestConfiguration = Format: Json, Request: False, Synchronous: True
Model Present: true
{"@odata.context":"http://odata.org/test/$metadata#CustomerSet/$entity","Location@odata.type":"#GeographyPoint","Location":{"type":"Point","coordinates":[-100.0,32.0],"crs":{"type":"name","properties":{"name":"EPSG:4326"}}}}

Combination: 7; TestConfiguration = Format: Json, Request: True, Synchronous: False
Model Present: true
{"@odata.context":"http://odata.org/test/$metadata#CustomerSet/$entity","Location@odata.type":"#GeographyPoint","Location":{"type":"Point","coordinates":[-100.0,32.0],"crs":{"type":"name","properties":{"name":"EPSG:4326"}}}}

Combination: 8; TestConfiguration = Format: Json, Request: False, Synchronous: False
Model Present: true
{"@odata.context":"http://odata.org/test/$metadata#CustomerSet/$entity","Location@odata.type":"#GeographyPoint","Location":{"type":"Point","coordinates":[-100.0,32.0],"crs":{"type":"name","properties":{"name":"EPSG:4326"}}}}

Combination: 9; TestConfiguration = Format: Json, Request: True, Synchronous: True
Model Present: true
{"@odata.context":"http://odata.org/test/$metadata#CustomerSet/$entity","Address":{"@odata.type":"#TestModel.AddressType"}}

Combination: 10; TestConfiguration = Format: Json, Request: False, Synchronous: True
Model Present: true
{"@odata.context":"http://odata.org/test/$metadata#CustomerSet/$entity","Address":{"@odata.type":"#TestModel.AddressType"}}

Combination: 11; TestConfiguration = Format: Json, Request: True, Synchronous: False
Model Present: true
{"@odata.context":"http://odata.org/test/$metadata#CustomerSet/$entity","Address":{"@odata.type":"#TestModel.AddressType"}}

Combination: 12; TestConfiguration = Format: Json, Request: False, Synchronous: False
Model Present: true
{"@odata.context":"http://odata.org/test/$metadata#CustomerSet/$entity","Address":{"@odata.type":"#TestModel.AddressType"}}

