Combination: 1; TestConfiguration = Format: Json, Request: True, Synchronous: True
Model Present: true
{"@odata.context":"http://odata.org/test/$metadata#NonMLESet/$entity","@odata.type":"#TestModel.NonMLEType"}

Combination: 2; TestConfiguration = Format: Json, Request: False, Synchronous: True
Model Present: true
{"@odata.context":"http://odata.org/test/$metadata#NonMLESet/$entity","@odata.type":"#TestModel.NonMLEType"}

Combination: 3; TestConfiguration = Format: Json, Request: True, Synchronous: False
Model Present: true
{"@odata.context":"http://odata.org/test/$metadata#NonMLESet/$entity","@odata.type":"#TestModel.NonMLEType"}

Combination: 4; TestConfiguration = Format: Json, Request: False, Synchronous: False
Model Present: true
{"@odata.context":"http://odata.org/test/$metadata#NonMLESet/$entity","@odata.type":"#TestModel.NonMLEType"}

Combination: 5; TestConfiguration = Format: Json, Request: True, Synchronous: True
Model Present: true
{"@odata.context":"http://odata.org/test/$metadata#MLESet/$entity","@odata.type":"#TestModel.MLEType","ID":42,"Name":"test"}

Combination: 6; TestConfiguration = Format: Json, Request: False, Synchronous: True
Model Present: true
{"@odata.context":"http://odata.org/test/$metadata#MLESet/$entity","@odata.type":"#TestModel.MLEType","ID":42,"Name":"test"}

Combination: 7; TestConfiguration = Format: Json, Request: True, Synchronous: False
Model Present: true
{"@odata.context":"http://odata.org/test/$metadata#MLESet/$entity","@odata.type":"#TestModel.MLEType","ID":42,"Name":"test"}

Combination: 8; TestConfiguration = Format: Json, Request: False, Synchronous: False
Model Present: true
{"@odata.context":"http://odata.org/test/$metadata#MLESet/$entity","@odata.type":"#TestModel.MLEType","ID":42,"Name":"test"}

Combination: 9; TestConfiguration = Format: Json, Request: True, Synchronous: True
Model Present: true
{"@odata.context":"http://odata.org/test/$metadata#NonMLESet/$entity","@odata.type":"#TestModel.NonMLEType","@odata.id":"urn:id","@odata.etag":"etag"}

Combination: 10; TestConfiguration = Format: Json, Request: False, Synchronous: True
Model Present: true
{"@odata.context":"http://odata.org/test/$metadata#NonMLESet/$entity","@odata.type":"#TestModel.NonMLEType","@odata.id":"urn:id","@odata.etag":"etag"}

Combination: 11; TestConfiguration = Format: Json, Request: True, Synchronous: False
Model Present: true
{"@odata.context":"http://odata.org/test/$metadata#NonMLESet/$entity","@odata.type":"#TestModel.NonMLEType","@odata.id":"urn:id","@odata.etag":"etag"}

Combination: 12; TestConfiguration = Format: Json, Request: False, Synchronous: False
Model Present: true
{"@odata.context":"http://odata.org/test/$metadata#NonMLESet/$entity","@odata.type":"#TestModel.NonMLEType","@odata.id":"urn:id","@odata.etag":"etag"}

Combination: 13; TestConfiguration = Format: Json, Request: True, Synchronous: True
Model Present: true
{"@odata.context":"http://odata.org/test/$metadata#NonMLESet/$entity","@odata.type":"#TestModel.NonMLEType"}

Combination: 14; TestConfiguration = Format: Json, Request: False, Synchronous: True
Model Present: true
{"@odata.context":"http://odata.org/test/$metadata#NonMLESet/$entity","@odata.type":"#TestModel.NonMLEType"}

Combination: 15; TestConfiguration = Format: Json, Request: True, Synchronous: False
Model Present: true
{"@odata.context":"http://odata.org/test/$metadata#NonMLESet/$entity","@odata.type":"#TestModel.NonMLEType"}

Combination: 16; TestConfiguration = Format: Json, Request: False, Synchronous: False
Model Present: true
{"@odata.context":"http://odata.org/test/$metadata#NonMLESet/$entity","@odata.type":"#TestModel.NonMLEType"}

Combination: 17; TestConfiguration = Format: Json, Request: True, Synchronous: True
Model Present: true
{"@odata.context":"http://odata.org/test/$metadata#MLESet/$entity","@odata.type":"#TestModel.MLEType","@odata.id":"urn:id","@odata.etag":"etag","@odata.editLink":"http://odata.org/editlink","@odata.readLink":"http://odata.org/readlink","@odata.mediaEditLink":"http://odata.org/mediaeditlink","@odata.mediaReadLink":"http://odata.org/mediareadlink","@odata.mediaContentType":"media/contenttype","@odata.mediaEtag":"mediaetag","ID":42,"Name":"test"}

Combination: 18; TestConfiguration = Format: Json, Request: False, Synchronous: True
Model Present: true
{"@odata.context":"http://odata.org/test/$metadata#MLESet/$entity","@odata.type":"#TestModel.MLEType","@odata.id":"urn:id","@odata.etag":"etag","@odata.editLink":"http://odata.org/editlink","@odata.readLink":"http://odata.org/readlink","@odata.mediaEditLink":"http://odata.org/mediaeditlink","@odata.mediaReadLink":"http://odata.org/mediareadlink","@odata.mediaContentType":"media/contenttype","@odata.mediaEtag":"mediaetag","ID":42,"Name":"test"}

Combination: 19; TestConfiguration = Format: Json, Request: True, Synchronous: False
Model Present: true
{"@odata.context":"http://odata.org/test/$metadata#MLESet/$entity","@odata.type":"#TestModel.MLEType","@odata.id":"urn:id","@odata.etag":"etag","@odata.editLink":"http://odata.org/editlink","@odata.readLink":"http://odata.org/readlink","@odata.mediaEditLink":"http://odata.org/mediaeditlink","@odata.mediaReadLink":"http://odata.org/mediareadlink","@odata.mediaContentType":"media/contenttype","@odata.mediaEtag":"mediaetag","ID":42,"Name":"test"}

Combination: 20; TestConfiguration = Format: Json, Request: False, Synchronous: False
Model Present: true
{"@odata.context":"http://odata.org/test/$metadata#MLESet/$entity","@odata.type":"#TestModel.MLEType","@odata.id":"urn:id","@odata.etag":"etag","@odata.editLink":"http://odata.org/editlink","@odata.readLink":"http://odata.org/readlink","@odata.mediaEditLink":"http://odata.org/mediaeditlink","@odata.mediaReadLink":"http://odata.org/mediareadlink","@odata.mediaContentType":"media/contenttype","@odata.mediaEtag":"mediaetag","ID":42,"Name":"test"}

Combination: 21; TestConfiguration = Format: Json, Request: True, Synchronous: True
Model Present: true
{"@odata.context":"http://odata.org/test/$metadata#MLESet/$entity","@odata.type":"#TestModel.MLEType","@odata.id":"urn:id","@odata.etag":"etag","@odata.readLink":"http://odata.org/readlink","@odata.mediaReadLink":"http://odata.org/mediareadlink","ID":42,"Name":"test","@odata.editLink":"http://odata.org/editlink","@odata.mediaEditLink":"http://odata.org/mediaeditlink","@odata.mediaContentType":"media/contenttype","@odata.mediaEtag":"mediaetag"}

Combination: 22; TestConfiguration = Format: Json, Request: False, Synchronous: True
Model Present: true
{"@odata.context":"http://odata.org/test/$metadata#MLESet/$entity","@odata.type":"#TestModel.MLEType","@odata.id":"urn:id","@odata.etag":"etag","@odata.readLink":"http://odata.org/readlink","@odata.mediaReadLink":"http://odata.org/mediareadlink","ID":42,"Name":"test","@odata.editLink":"http://odata.org/editlink","@odata.mediaEditLink":"http://odata.org/mediaeditlink","@odata.mediaContentType":"media/contenttype","@odata.mediaEtag":"mediaetag"}

Combination: 23; TestConfiguration = Format: Json, Request: True, Synchronous: False
Model Present: true
{"@odata.context":"http://odata.org/test/$metadata#MLESet/$entity","@odata.type":"#TestModel.MLEType","@odata.id":"urn:id","@odata.etag":"etag","@odata.readLink":"http://odata.org/readlink","@odata.mediaReadLink":"http://odata.org/mediareadlink","ID":42,"Name":"test","@odata.editLink":"http://odata.org/editlink","@odata.mediaEditLink":"http://odata.org/mediaeditlink","@odata.mediaContentType":"media/contenttype","@odata.mediaEtag":"mediaetag"}

Combination: 24; TestConfiguration = Format: Json, Request: False, Synchronous: False
Model Present: true
{"@odata.context":"http://odata.org/test/$metadata#MLESet/$entity","@odata.type":"#TestModel.MLEType","@odata.id":"urn:id","@odata.etag":"etag","@odata.readLink":"http://odata.org/readlink","@odata.mediaReadLink":"http://odata.org/mediareadlink","ID":42,"Name":"test","@odata.editLink":"http://odata.org/editlink","@odata.mediaEditLink":"http://odata.org/mediaeditlink","@odata.mediaContentType":"media/contenttype","@odata.mediaEtag":"mediaetag"}

Combination: 25; TestConfiguration = Format: Json, Request: True, Synchronous: True
Model Present: true
{"@odata.context":"http://odata.org/test/$metadata#NonMLESet/$entity","@odata.type":"#TestModel.NonMLEType","NavProp@odata.bind":["http://odata.org/navprop/uri"]}

Combination: 26; TestConfiguration = Format: Json, Request: False, Synchronous: True
Model Present: true
{"@odata.context":"http://odata.org/test/$metadata#NonMLESet/$entity","@odata.type":"#TestModel.NonMLEType","NavProp@odata.navigationLink":"http://odata.org/navprop/uri"}

Combination: 27; TestConfiguration = Format: Json, Request: True, Synchronous: False
Model Present: true
{"@odata.context":"http://odata.org/test/$metadata#NonMLESet/$entity","@odata.type":"#TestModel.NonMLEType","NavProp@odata.bind":["http://odata.org/navprop/uri"]}

Combination: 28; TestConfiguration = Format: Json, Request: False, Synchronous: False
Model Present: true
{"@odata.context":"http://odata.org/test/$metadata#NonMLESet/$entity","@odata.type":"#TestModel.NonMLEType","NavProp@odata.navigationLink":"http://odata.org/navprop/uri"}

Combination: 29; TestConfiguration = Format: Json, Request: True, Synchronous: True
Model Present: true
{"@odata.context":"http://odata.org/test/$metadata#MLESet/$entity","@odata.type":"#TestModel.MLEType","ID":42,"Name":"test","NavProp@odata.bind":["http://odata.org/navprop/uri"]}

Combination: 30; TestConfiguration = Format: Json, Request: False, Synchronous: True
Model Present: true
{"@odata.context":"http://odata.org/test/$metadata#MLESet/$entity","@odata.type":"#TestModel.MLEType","ID":42,"Name":"test","NavProp@odata.navigationLink":"http://odata.org/navprop/uri"}

Combination: 31; TestConfiguration = Format: Json, Request: True, Synchronous: False
Model Present: true
{"@odata.context":"http://odata.org/test/$metadata#MLESet/$entity","@odata.type":"#TestModel.MLEType","ID":42,"Name":"test","NavProp@odata.bind":["http://odata.org/navprop/uri"]}

Combination: 32; TestConfiguration = Format: Json, Request: False, Synchronous: False
Model Present: true
{"@odata.context":"http://odata.org/test/$metadata#MLESet/$entity","@odata.type":"#TestModel.MLEType","ID":42,"Name":"test","NavProp@odata.navigationLink":"http://odata.org/navprop/uri"}

Combination: 33; TestConfiguration = Format: Json, Request: True, Synchronous: True
Model Present: true
{"@odata.context":"http://odata.org/test/$metadata#NonMLESet/$entity","@odata.type":"#TestModel.NonMLEType","@odata.id":"urn:id","@odata.etag":"etag","NavProp@odata.bind":["http://odata.org/navprop/uri"]}

Combination: 34; TestConfiguration = Format: Json, Request: False, Synchronous: True
Model Present: true
{"@odata.context":"http://odata.org/test/$metadata#NonMLESet/$entity","@odata.type":"#TestModel.NonMLEType","@odata.id":"urn:id","@odata.etag":"etag","NavProp@odata.navigationLink":"http://odata.org/navprop/uri"}

Combination: 35; TestConfiguration = Format: Json, Request: True, Synchronous: False
Model Present: true
{"@odata.context":"http://odata.org/test/$metadata#NonMLESet/$entity","@odata.type":"#TestModel.NonMLEType","@odata.id":"urn:id","@odata.etag":"etag","NavProp@odata.bind":["http://odata.org/navprop/uri"]}

Combination: 36; TestConfiguration = Format: Json, Request: False, Synchronous: False
Model Present: true
{"@odata.context":"http://odata.org/test/$metadata#NonMLESet/$entity","@odata.type":"#TestModel.NonMLEType","@odata.id":"urn:id","@odata.etag":"etag","NavProp@odata.navigationLink":"http://odata.org/navprop/uri"}

Combination: 37; TestConfiguration = Format: Json, Request: True, Synchronous: True
Model Present: true
{"@odata.context":"http://odata.org/test/$metadata#NonMLESet/$entity","@odata.type":"#TestModel.NonMLEType","NavProp@odata.bind":["http://odata.org/navprop/uri"]}

Combination: 38; TestConfiguration = Format: Json, Request: False, Synchronous: True
Model Present: true
{"@odata.context":"http://odata.org/test/$metadata#NonMLESet/$entity","@odata.type":"#TestModel.NonMLEType","NavProp@odata.navigationLink":"http://odata.org/navprop/uri"}

Combination: 39; TestConfiguration = Format: Json, Request: True, Synchronous: False
Model Present: true
{"@odata.context":"http://odata.org/test/$metadata#NonMLESet/$entity","@odata.type":"#TestModel.NonMLEType","NavProp@odata.bind":["http://odata.org/navprop/uri"]}

Combination: 40; TestConfiguration = Format: Json, Request: False, Synchronous: False
Model Present: true
{"@odata.context":"http://odata.org/test/$metadata#NonMLESet/$entity","@odata.type":"#TestModel.NonMLEType","NavProp@odata.navigationLink":"http://odata.org/navprop/uri"}

Combination: 41; TestConfiguration = Format: Json, Request: True, Synchronous: True
Model Present: true
{"@odata.context":"http://odata.org/test/$metadata#MLESet/$entity","@odata.type":"#TestModel.MLEType","@odata.id":"urn:id","@odata.etag":"etag","@odata.editLink":"http://odata.org/editlink","@odata.readLink":"http://odata.org/readlink","@odata.mediaEditLink":"http://odata.org/mediaeditlink","@odata.mediaReadLink":"http://odata.org/mediareadlink","@odata.mediaContentType":"media/contenttype","@odata.mediaEtag":"mediaetag","ID":42,"Name":"test","NavProp@odata.bind":["http://odata.org/navprop/uri"]}

Combination: 42; TestConfiguration = Format: Json, Request: False, Synchronous: True
Model Present: true
{"@odata.context":"http://odata.org/test/$metadata#MLESet/$entity","@odata.type":"#TestModel.MLEType","@odata.id":"urn:id","@odata.etag":"etag","@odata.editLink":"http://odata.org/editlink","@odata.readLink":"http://odata.org/readlink","@odata.mediaEditLink":"http://odata.org/mediaeditlink","@odata.mediaReadLink":"http://odata.org/mediareadlink","@odata.mediaContentType":"media/contenttype","@odata.mediaEtag":"mediaetag","ID":42,"Name":"test","NavProp@odata.navigationLink":"http://odata.org/navprop/uri"}

Combination: 43; TestConfiguration = Format: Json, Request: True, Synchronous: False
Model Present: true
{"@odata.context":"http://odata.org/test/$metadata#MLESet/$entity","@odata.type":"#TestModel.MLEType","@odata.id":"urn:id","@odata.etag":"etag","@odata.editLink":"http://odata.org/editlink","@odata.readLink":"http://odata.org/readlink","@odata.mediaEditLink":"http://odata.org/mediaeditlink","@odata.mediaReadLink":"http://odata.org/mediareadlink","@odata.mediaContentType":"media/contenttype","@odata.mediaEtag":"mediaetag","ID":42,"Name":"test","NavProp@odata.bind":["http://odata.org/navprop/uri"]}

Combination: 44; TestConfiguration = Format: Json, Request: False, Synchronous: False
Model Present: true
{"@odata.context":"http://odata.org/test/$metadata#MLESet/$entity","@odata.type":"#TestModel.MLEType","@odata.id":"urn:id","@odata.etag":"etag","@odata.editLink":"http://odata.org/editlink","@odata.readLink":"http://odata.org/readlink","@odata.mediaEditLink":"http://odata.org/mediaeditlink","@odata.mediaReadLink":"http://odata.org/mediareadlink","@odata.mediaContentType":"media/contenttype","@odata.mediaEtag":"mediaetag","ID":42,"Name":"test","NavProp@odata.navigationLink":"http://odata.org/navprop/uri"}

Combination: 45; TestConfiguration = Format: Json, Request: True, Synchronous: True
Model Present: true
{"@odata.context":"http://odata.org/test/$metadata#MLESet/$entity","@odata.type":"#TestModel.MLEType","@odata.id":"urn:id","@odata.etag":"etag","@odata.readLink":"http://odata.org/readlink","@odata.mediaReadLink":"http://odata.org/mediareadlink","ID":42,"Name":"test","NavProp@odata.bind":["http://odata.org/navprop/uri"],"@odata.editLink":"http://odata.org/editlink","@odata.mediaEditLink":"http://odata.org/mediaeditlink","@odata.mediaContentType":"media/contenttype","@odata.mediaEtag":"mediaetag"}

Combination: 46; TestConfiguration = Format: Json, Request: False, Synchronous: True
Model Present: true
{"@odata.context":"http://odata.org/test/$metadata#MLESet/$entity","@odata.type":"#TestModel.MLEType","@odata.id":"urn:id","@odata.etag":"etag","@odata.readLink":"http://odata.org/readlink","@odata.mediaReadLink":"http://odata.org/mediareadlink","ID":42,"Name":"test","NavProp@odata.navigationLink":"http://odata.org/navprop/uri","@odata.editLink":"http://odata.org/editlink","@odata.mediaEditLink":"http://odata.org/mediaeditlink","@odata.mediaContentType":"media/contenttype","@odata.mediaEtag":"mediaetag"}

Combination: 47; TestConfiguration = Format: Json, Request: True, Synchronous: False
Model Present: true
{"@odata.context":"http://odata.org/test/$metadata#MLESet/$entity","@odata.type":"#TestModel.MLEType","@odata.id":"urn:id","@odata.etag":"etag","@odata.readLink":"http://odata.org/readlink","@odata.mediaReadLink":"http://odata.org/mediareadlink","ID":42,"Name":"test","NavProp@odata.bind":["http://odata.org/navprop/uri"],"@odata.editLink":"http://odata.org/editlink","@odata.mediaEditLink":"http://odata.org/mediaeditlink","@odata.mediaContentType":"media/contenttype","@odata.mediaEtag":"mediaetag"}

Combination: 48; TestConfiguration = Format: Json, Request: False, Synchronous: False
Model Present: true
{"@odata.context":"http://odata.org/test/$metadata#MLESet/$entity","@odata.type":"#TestModel.MLEType","@odata.id":"urn:id","@odata.etag":"etag","@odata.readLink":"http://odata.org/readlink","@odata.mediaReadLink":"http://odata.org/mediareadlink","ID":42,"Name":"test","NavProp@odata.navigationLink":"http://odata.org/navprop/uri","@odata.editLink":"http://odata.org/editlink","@odata.mediaEditLink":"http://odata.org/mediaeditlink","@odata.mediaContentType":"media/contenttype","@odata.mediaEtag":"mediaetag"}

Combination: 49; TestConfiguration = Format: Json, Request: True, Synchronous: True
Model Present: true
{"@odata.context":"http://odata.org/test/$metadata#NonMLESet/$entity","@odata.type":"#TestModel.NonMLEType","NavProp@odata.bind":["http://odata.org/navprop/uri"]}

Combination: 50; TestConfiguration = Format: Json, Request: False, Synchronous: True
Model Present: true
{"@odata.context":"http://odata.org/test/$metadata#NonMLESet/$entity","@odata.type":"#TestModel.NonMLEType","NavProp@odata.associationLink":"http://odata.org/assoclink","NavProp@odata.navigationLink":"http://odata.org/navprop/uri"}

Combination: 51; TestConfiguration = Format: Json, Request: True, Synchronous: False
Model Present: true
{"@odata.context":"http://odata.org/test/$metadata#NonMLESet/$entity","@odata.type":"#TestModel.NonMLEType","NavProp@odata.bind":["http://odata.org/navprop/uri"]}

Combination: 52; TestConfiguration = Format: Json, Request: False, Synchronous: False
Model Present: true
{"@odata.context":"http://odata.org/test/$metadata#NonMLESet/$entity","@odata.type":"#TestModel.NonMLEType","NavProp@odata.associationLink":"http://odata.org/assoclink","NavProp@odata.navigationLink":"http://odata.org/navprop/uri"}

Combination: 53; TestConfiguration = Format: Json, Request: True, Synchronous: True
Model Present: true
{"@odata.context":"http://odata.org/test/$metadata#MLESet/$entity","@odata.type":"#TestModel.MLEType","ID":42,"Name":"test","NavProp@odata.bind":["http://odata.org/navprop/uri"]}

Combination: 54; TestConfiguration = Format: Json, Request: False, Synchronous: True
Model Present: true
{"@odata.context":"http://odata.org/test/$metadata#MLESet/$entity","@odata.type":"#TestModel.MLEType","ID":42,"Name":"test","NavProp@odata.associationLink":"http://odata.org/assoclink","NavProp@odata.navigationLink":"http://odata.org/navprop/uri"}

Combination: 55; TestConfiguration = Format: Json, Request: True, Synchronous: False
Model Present: true
{"@odata.context":"http://odata.org/test/$metadata#MLESet/$entity","@odata.type":"#TestModel.MLEType","ID":42,"Name":"test","NavProp@odata.bind":["http://odata.org/navprop/uri"]}

Combination: 56; TestConfiguration = Format: Json, Request: False, Synchronous: False
Model Present: true
{"@odata.context":"http://odata.org/test/$metadata#MLESet/$entity","@odata.type":"#TestModel.MLEType","ID":42,"Name":"test","NavProp@odata.associationLink":"http://odata.org/assoclink","NavProp@odata.navigationLink":"http://odata.org/navprop/uri"}

Combination: 57; TestConfiguration = Format: Json, Request: True, Synchronous: True
Model Present: true
{"@odata.context":"http://odata.org/test/$metadata#NonMLESet/$entity","@odata.type":"#TestModel.NonMLEType","@odata.id":"urn:id","@odata.etag":"etag","NavProp@odata.bind":["http://odata.org/navprop/uri"]}

Combination: 58; TestConfiguration = Format: Json, Request: False, Synchronous: True
Model Present: true
{"@odata.context":"http://odata.org/test/$metadata#NonMLESet/$entity","@odata.type":"#TestModel.NonMLEType","@odata.id":"urn:id","@odata.etag":"etag","NavProp@odata.associationLink":"http://odata.org/assoclink","NavProp@odata.navigationLink":"http://odata.org/navprop/uri"}

Combination: 59; TestConfiguration = Format: Json, Request: True, Synchronous: False
Model Present: true
{"@odata.context":"http://odata.org/test/$metadata#NonMLESet/$entity","@odata.type":"#TestModel.NonMLEType","@odata.id":"urn:id","@odata.etag":"etag","NavProp@odata.bind":["http://odata.org/navprop/uri"]}

Combination: 60; TestConfiguration = Format: Json, Request: False, Synchronous: False
Model Present: true
{"@odata.context":"http://odata.org/test/$metadata#NonMLESet/$entity","@odata.type":"#TestModel.NonMLEType","@odata.id":"urn:id","@odata.etag":"etag","NavProp@odata.associationLink":"http://odata.org/assoclink","NavProp@odata.navigationLink":"http://odata.org/navprop/uri"}

Combination: 61; TestConfiguration = Format: Json, Request: True, Synchronous: True
Model Present: true
{"@odata.context":"http://odata.org/test/$metadata#NonMLESet/$entity","@odata.type":"#TestModel.NonMLEType","NavProp@odata.bind":["http://odata.org/navprop/uri"]}

Combination: 62; TestConfiguration = Format: Json, Request: False, Synchronous: True
Model Present: true
{"@odata.context":"http://odata.org/test/$metadata#NonMLESet/$entity","@odata.type":"#TestModel.NonMLEType","NavProp@odata.associationLink":"http://odata.org/assoclink","NavProp@odata.navigationLink":"http://odata.org/navprop/uri"}

Combination: 63; TestConfiguration = Format: Json, Request: True, Synchronous: False
Model Present: true
{"@odata.context":"http://odata.org/test/$metadata#NonMLESet/$entity","@odata.type":"#TestModel.NonMLEType","NavProp@odata.bind":["http://odata.org/navprop/uri"]}

Combination: 64; TestConfiguration = Format: Json, Request: False, Synchronous: False
Model Present: true
{"@odata.context":"http://odata.org/test/$metadata#NonMLESet/$entity","@odata.type":"#TestModel.NonMLEType","NavProp@odata.associationLink":"http://odata.org/assoclink","NavProp@odata.navigationLink":"http://odata.org/navprop/uri"}

Combination: 65; TestConfiguration = Format: Json, Request: True, Synchronous: True
Model Present: true
{"@odata.context":"http://odata.org/test/$metadata#MLESet/$entity","@odata.type":"#TestModel.MLEType","@odata.id":"urn:id","@odata.etag":"etag","@odata.editLink":"http://odata.org/editlink","@odata.readLink":"http://odata.org/readlink","@odata.mediaEditLink":"http://odata.org/mediaeditlink","@odata.mediaReadLink":"http://odata.org/mediareadlink","@odata.mediaContentType":"media/contenttype","@odata.mediaEtag":"mediaetag","ID":42,"Name":"test","NavProp@odata.bind":["http://odata.org/navprop/uri"]}

Combination: 66; TestConfiguration = Format: Json, Request: False, Synchronous: True
Model Present: true
{"@odata.context":"http://odata.org/test/$metadata#MLESet/$entity","@odata.type":"#TestModel.MLEType","@odata.id":"urn:id","@odata.etag":"etag","@odata.editLink":"http://odata.org/editlink","@odata.readLink":"http://odata.org/readlink","@odata.mediaEditLink":"http://odata.org/mediaeditlink","@odata.mediaReadLink":"http://odata.org/mediareadlink","@odata.mediaContentType":"media/contenttype","@odata.mediaEtag":"mediaetag","ID":42,"Name":"test","NavProp@odata.associationLink":"http://odata.org/assoclink","NavProp@odata.navigationLink":"http://odata.org/navprop/uri"}

Combination: 67; TestConfiguration = Format: Json, Request: True, Synchronous: False
Model Present: true
{"@odata.context":"http://odata.org/test/$metadata#MLESet/$entity","@odata.type":"#TestModel.MLEType","@odata.id":"urn:id","@odata.etag":"etag","@odata.editLink":"http://odata.org/editlink","@odata.readLink":"http://odata.org/readlink","@odata.mediaEditLink":"http://odata.org/mediaeditlink","@odata.mediaReadLink":"http://odata.org/mediareadlink","@odata.mediaContentType":"media/contenttype","@odata.mediaEtag":"mediaetag","ID":42,"Name":"test","NavProp@odata.bind":["http://odata.org/navprop/uri"]}

Combination: 68; TestConfiguration = Format: Json, Request: False, Synchronous: False
Model Present: true
{"@odata.context":"http://odata.org/test/$metadata#MLESet/$entity","@odata.type":"#TestModel.MLEType","@odata.id":"urn:id","@odata.etag":"etag","@odata.editLink":"http://odata.org/editlink","@odata.readLink":"http://odata.org/readlink","@odata.mediaEditLink":"http://odata.org/mediaeditlink","@odata.mediaReadLink":"http://odata.org/mediareadlink","@odata.mediaContentType":"media/contenttype","@odata.mediaEtag":"mediaetag","ID":42,"Name":"test","NavProp@odata.associationLink":"http://odata.org/assoclink","NavProp@odata.navigationLink":"http://odata.org/navprop/uri"}

Combination: 69; TestConfiguration = Format: Json, Request: True, Synchronous: True
Model Present: true
{"@odata.context":"http://odata.org/test/$metadata#MLESet/$entity","@odata.type":"#TestModel.MLEType","@odata.id":"urn:id","@odata.etag":"etag","@odata.readLink":"http://odata.org/readlink","@odata.mediaReadLink":"http://odata.org/mediareadlink","ID":42,"Name":"test","NavProp@odata.bind":["http://odata.org/navprop/uri"],"@odata.editLink":"http://odata.org/editlink","@odata.mediaEditLink":"http://odata.org/mediaeditlink","@odata.mediaContentType":"media/contenttype","@odata.mediaEtag":"mediaetag"}

Combination: 70; TestConfiguration = Format: Json, Request: False, Synchronous: True
Model Present: true
{"@odata.context":"http://odata.org/test/$metadata#MLESet/$entity","@odata.type":"#TestModel.MLEType","@odata.id":"urn:id","@odata.etag":"etag","@odata.readLink":"http://odata.org/readlink","@odata.mediaReadLink":"http://odata.org/mediareadlink","ID":42,"Name":"test","NavProp@odata.associationLink":"http://odata.org/assoclink","NavProp@odata.navigationLink":"http://odata.org/navprop/uri","@odata.editLink":"http://odata.org/editlink","@odata.mediaEditLink":"http://odata.org/mediaeditlink","@odata.mediaContentType":"media/contenttype","@odata.mediaEtag":"mediaetag"}

Combination: 71; TestConfiguration = Format: Json, Request: True, Synchronous: False
Model Present: true
{"@odata.context":"http://odata.org/test/$metadata#MLESet/$entity","@odata.type":"#TestModel.MLEType","@odata.id":"urn:id","@odata.etag":"etag","@odata.readLink":"http://odata.org/readlink","@odata.mediaReadLink":"http://odata.org/mediareadlink","ID":42,"Name":"test","NavProp@odata.bind":["http://odata.org/navprop/uri"],"@odata.editLink":"http://odata.org/editlink","@odata.mediaEditLink":"http://odata.org/mediaeditlink","@odata.mediaContentType":"media/contenttype","@odata.mediaEtag":"mediaetag"}

Combination: 72; TestConfiguration = Format: Json, Request: False, Synchronous: False
Model Present: true
{"@odata.context":"http://odata.org/test/$metadata#MLESet/$entity","@odata.type":"#TestModel.MLEType","@odata.id":"urn:id","@odata.etag":"etag","@odata.readLink":"http://odata.org/readlink","@odata.mediaReadLink":"http://odata.org/mediareadlink","ID":42,"Name":"test","NavProp@odata.associationLink":"http://odata.org/assoclink","NavProp@odata.navigationLink":"http://odata.org/navprop/uri","@odata.editLink":"http://odata.org/editlink","@odata.mediaEditLink":"http://odata.org/mediaeditlink","@odata.mediaContentType":"media/contenttype","@odata.mediaEtag":"mediaetag"}

