Combination: 1; TestConfiguration = Format: Json, Request: True, Synchronous: True
Model Present: true
{"@odata.context":"http://odata.org/test/$metadata#TestModel.AddressType","@odata.type":"#TestModel.AddressType"}

Combination: 2; TestConfiguration = Format: Json, Request: False, Synchronous: True
Model Present: true
{"@odata.context":"http://odata.org/test/$metadata#TestModel.AddressType"}

Combination: 3; TestConfiguration = Format: Json, Request: True, Synchronous: False
Model Present: true
{"@odata.context":"http://odata.org/test/$metadata#TestModel.AddressType","@odata.type":"#TestModel.AddressType"}

Combination: 4; TestConfiguration = Format: Json, Request: False, Synchronous: False
Model Present: true
{"@odata.context":"http://odata.org/test/$metadata#TestModel.AddressType"}

