Combination: 1; TestConfiguration = Format: Json, Request: True, Synchronous: True
Model Present: true
{"@odata.context":"http://odata.org/test/$metadata#Edm.Untyped","value":null}

Combination: 2; TestConfiguration = Format: Json, Request: False, Synchronous: True
Model Present: true
{"@odata.context":"http://odata.org/test/$metadata#Edm.Untyped","value":null}

Combination: 3; TestConfiguration = Format: Json, Request: True, Synchronous: False
Model Present: true
{"@odata.context":"http://odata.org/test/$metadata#Edm.Untyped","value":null}

Combination: 4; TestConfiguration = Format: Json, Request: False, Synchronous: False
Model Present: true
{"@odata.context":"http://odata.org/test/$metadata#Edm.Untyped","value":null}

Combination: 5; TestConfiguration = Format: Json, Request: True, Synchronous: True
Model Present: true
{"@odata.context":"http://odata.org/test/$metadata#Edm.Untyped","value":42}

Combination: 6; TestConfiguration = Format: Json, Request: False, Synchronous: True
Model Present: true
{"@odata.context":"http://odata.org/test/$metadata#Edm.Untyped","value":42}

Combination: 7; TestConfiguration = Format: Json, Request: True, Synchronous: False
Model Present: true
{"@odata.context":"http://odata.org/test/$metadata#Edm.Untyped","value":42}

Combination: 8; TestConfiguration = Format: Json, Request: False, Synchronous: False
Model Present: true
{"@odata.context":"http://odata.org/test/$metadata#Edm.Untyped","value":42}

Combination: 9; TestConfiguration = Format: Json, Request: True, Synchronous: True
Model Present: true
{"@odata.context":"http://odata.org/test/$metadata#Edm.Untyped","value":3.1415}

Combination: 10; TestConfiguration = Format: Json, Request: False, Synchronous: True
Model Present: true
{"@odata.context":"http://odata.org/test/$metadata#Edm.Untyped","value":3.1415}

Combination: 11; TestConfiguration = Format: Json, Request: True, Synchronous: False
Model Present: true
{"@odata.context":"http://odata.org/test/$metadata#Edm.Untyped","value":3.1415}

Combination: 12; TestConfiguration = Format: Json, Request: False, Synchronous: False
Model Present: true
{"@odata.context":"http://odata.org/test/$metadata#Edm.Untyped","value":3.1415}

Combination: 13; TestConfiguration = Format: Json, Request: True, Synchronous: True
Model Present: true
{"@odata.context":"http://odata.org/test/$metadata#Edm.Untyped","value":"string"}

Combination: 14; TestConfiguration = Format: Json, Request: False, Synchronous: True
Model Present: true
{"@odata.context":"http://odata.org/test/$metadata#Edm.Untyped","value":"string"}

Combination: 15; TestConfiguration = Format: Json, Request: True, Synchronous: False
Model Present: true
{"@odata.context":"http://odata.org/test/$metadata#Edm.Untyped","value":"string"}

Combination: 16; TestConfiguration = Format: Json, Request: False, Synchronous: False
Model Present: true
{"@odata.context":"http://odata.org/test/$metadata#Edm.Untyped","value":"string"}

Combination: 17; TestConfiguration = Format: Json, Request: True, Synchronous: True
Model Present: true
{"@odata.context":"http://odata.org/test/$metadata#Edm.Untyped","value":[1, 2, "abc"]}

Combination: 18; TestConfiguration = Format: Json, Request: False, Synchronous: True
Model Present: true
{"@odata.context":"http://odata.org/test/$metadata#Edm.Untyped","value":[1, 2, "abc"]}

Combination: 19; TestConfiguration = Format: Json, Request: True, Synchronous: False
Model Present: true
{"@odata.context":"http://odata.org/test/$metadata#Edm.Untyped","value":[1, 2, "abc"]}

Combination: 20; TestConfiguration = Format: Json, Request: False, Synchronous: False
Model Present: true
{"@odata.context":"http://odata.org/test/$metadata#Edm.Untyped","value":[1, 2, "abc"]}

Combination: 21; TestConfiguration = Format: Json, Request: True, Synchronous: True
Model Present: true
{"@odata.context":"http://odata.org/test/$metadata#Edm.Untyped","value":[ [1, "abc"], [2, "def"], [[3],[4, 5]] ]}

Combination: 22; TestConfiguration = Format: Json, Request: False, Synchronous: True
Model Present: true
{"@odata.context":"http://odata.org/test/$metadata#Edm.Untyped","value":[ [1, "abc"], [2, "def"], [[3],[4, 5]] ]}

Combination: 23; TestConfiguration = Format: Json, Request: True, Synchronous: False
Model Present: true
{"@odata.context":"http://odata.org/test/$metadata#Edm.Untyped","value":[ [1, "abc"], [2, "def"], [[3],[4, 5]] ]}

Combination: 24; TestConfiguration = Format: Json, Request: False, Synchronous: False
Model Present: true
{"@odata.context":"http://odata.org/test/$metadata#Edm.Untyped","value":[ [1, "abc"], [2, "def"], [[3],[4, 5]] ]}

Combination: 29; TestConfiguration = Format: Json, Request: True, Synchronous: True
Model Present: true
{"@odata.context":"http://odata.org/test/$metadata#Collection(TestModel.JsonType)","@odata.type":"#Collection(TestModel.JsonType)","value":["string",[1, 2, "abc"],3.1415]}

Combination: 30; TestConfiguration = Format: Json, Request: False, Synchronous: True
Model Present: true
{"@odata.context":"http://odata.org/test/$metadata#Collection(TestModel.JsonType)","value":["string",[1, 2, "abc"],3.1415]}

Combination: 31; TestConfiguration = Format: Json, Request: True, Synchronous: False
Model Present: true
{"@odata.context":"http://odata.org/test/$metadata#Collection(TestModel.JsonType)","@odata.type":"#Collection(TestModel.JsonType)","value":["string",[1, 2, "abc"],3.1415]}

Combination: 32; TestConfiguration = Format: Json, Request: False, Synchronous: False
Model Present: true
{"@odata.context":"http://odata.org/test/$metadata#Collection(TestModel.JsonType)","value":["string",[1, 2, "abc"],3.1415]}

Combination: 33; TestConfiguration = Format: Json, Request: True, Synchronous: True
Model Present: true
{"@odata.context":"http://odata.org/test/$metadata#Edm.Int32","value":42}

Combination: 34; TestConfiguration = Format: Json, Request: False, Synchronous: True
Model Present: true
{"@odata.context":"http://odata.org/test/$metadata#Edm.Int32","value":42}

Combination: 35; TestConfiguration = Format: Json, Request: True, Synchronous: False
Model Present: true
{"@odata.context":"http://odata.org/test/$metadata#Edm.Int32","value":42}

Combination: 36; TestConfiguration = Format: Json, Request: False, Synchronous: False
Model Present: true
{"@odata.context":"http://odata.org/test/$metadata#Edm.Int32","value":42}

Combination: 37; TestConfiguration = Format: Json, Request: True, Synchronous: True
Model Present: true
{"@odata.context":"http://odata.org/test/$metadata#Edm.Double","value":3.1415}

Combination: 38; TestConfiguration = Format: Json, Request: False, Synchronous: True
Model Present: true
{"@odata.context":"http://odata.org/test/$metadata#Edm.Double","value":3.1415}

Combination: 39; TestConfiguration = Format: Json, Request: True, Synchronous: False
Model Present: true
{"@odata.context":"http://odata.org/test/$metadata#Edm.Double","value":3.1415}

Combination: 40; TestConfiguration = Format: Json, Request: False, Synchronous: False
Model Present: true
{"@odata.context":"http://odata.org/test/$metadata#Edm.Double","value":3.1415}

Combination: 41; TestConfiguration = Format: Json, Request: True, Synchronous: True
Model Present: true
{"@odata.context":"http://odata.org/test/$metadata#Edm.String","value":"string"}

Combination: 42; TestConfiguration = Format: Json, Request: False, Synchronous: True
Model Present: true
{"@odata.context":"http://odata.org/test/$metadata#Edm.String","value":"string"}

Combination: 43; TestConfiguration = Format: Json, Request: True, Synchronous: False
Model Present: true
{"@odata.context":"http://odata.org/test/$metadata#Edm.String","value":"string"}

Combination: 44; TestConfiguration = Format: Json, Request: False, Synchronous: False
Model Present: true
{"@odata.context":"http://odata.org/test/$metadata#Edm.String","value":"string"}

